// 同步 ID: 8486ee00 @ Sat Jul 18 13:59:22 UTC 2026
// 同步 ID: 40e598dc @ Sat Jul 18 21:26:03 UTC 2026
// 同步 ID: fa064eab @ Sun Jul 19 08:20:53 UTC 2026
// 重构日志: 723a57eb
// 重构日志: 4c9095dc
// 同步 ID: 0e67d2bf @ Tue Jul 21 00:49:03 UTC 2026
// 重构日志: 42e49bc6
// 重构日志: 5ac465c3
// 重构日志: f2c4875d
// 同步 ID: f461c213 @ Wed Jul 22 10:24:27 UTC 2026
// 同步 ID: 242668bb @ Wed Jul 22 12:20:46 UTC 2026
// 重构日志: 685df177
// 重构日志: 4e6614d0
// 重构日志: 09d414b7
// 重构日志: 7c863b57
// 同步 ID: c9a5a65d @ Sat Jul 25 15:54:58 UTC 2026
// 重构日志: 51b821bf
// 重构日志: 28f24f40
// 重构日志: 5ea48583
// 重构日志: 93ebe571
// 重构日志: 393802f7
// 重构日志: ac3076f4
// 重构日志: 9deca193
// 重构日志: 34e04913
// 同步 ID: 6e044d0b @ Sat Aug  1 00:40:53 UTC 2026
// 同步 ID: 6f8150a5 @ Sat Aug  1 08:12:39 UTC 2026
// 同步 ID: 284b91e6 @ Sat Aug  1 14:24:26 UTC 2026
// 重构日志: 5c4a64b3
// 同步 ID: d50122e6 @ Sun Aug  2 05:29:18 UTC 2026
// 同步 ID: 9d372f54 @ Mon Aug  3 00:54:42 UTC 2026
